// Jest Snapshot v1, https://goo.gl/fbAQLP

exports[`Component: PokemonSelected Debe de hacer match con el snapshot 1`] = `
<div id="container" class="mx-auto w-2/5 bg-blue-100 mb-4 cursor-pointer">
  <h2 class="text-left text-blue-600 border-2 border-green-600 h-15 pt-5 pb-5 px-5 font-bold">ivysaur</h2>
</div>
`;
